[2026-10-08 19:42:28.415] [glim] [info] config_path: /glim/config
[2026-10-08 19:42:28.426] [glim] [info] load libodometry_estimation_gpu.so
[2026-10-08 19:42:29.093] [glim] [info] load libsub_mapping.so
[2026-10-08 19:42:29.100] [glim] [info] load libglobal_mapping.so
[2026-10-08 19:42:29.107] [glim] [info] load libmemory_monitor.so
[2026-10-08 19:42:29.119] [glim] [info] topics:
[2026-10-08 19:42:29.119] [glim] [info] - /livox/mid360/imu
[2026-10-08 19:42:29.119] [glim] [info] - /livox/mid360/lidar
[2026-10-08 19:42:29.119] [glim] [info] - /image
[2026-10-08 19:42:29.119] [glim] [info] bag_filenames:
[2026-10-08 19:42:29.119] [glim] [info] - /data/bag
[2026-10-08 19:42:29.119] [glim] [warning] param glim_ros/playback_speed not found
[2026-10-08 19:42:29.119] [glim] [warning] use default_value=100
[2026-10-08 19:42:29.119] [glim] [info] opening /data/bag
[2026-10-08 19:42:29.130] [glim] [info] detected storage_id=sqlite3 from metadata.yaml
[INFO] [1791488549.573868574] [rosbag2_storage]: Opened database '/data/bag/glim_ros2.db3' for READ_ONLY.
[2026-10-08 19:42:29.858] [odom] [info] initial IMU state estimation result
[2026-10-08 19:42:29.858] [odom] [info] T_world_imu=se3(0.211906,0.034612,-0.042079,-0.012398,0.242968,-0.000842,0.969955)
[2026-10-08 19:42:29.858] [odom] [info] v_world_imu=vec(0.558685,0.014085,-0.035892)
[2026-10-08 19:42:29.858] [odom] [info] imu_bias=vec(0.000000,0.000000,-0.000000,0.005429,-0.007268,-0.008130)
[2026-10-08 19:42:39.444] [glim] [info] playback speed: 0.386x
[2026-10-08 19:42:44.448] [glim] [info] playback speed: 1.539x
[2026-10-08 19:42:49.455] [glim] [info] playback speed: 3.794x
[2026-10-08 19:42:54.459] [glim] [info] playback speed: 3.297x
[2026-10-08 19:42:59.473] [glim] [info] playback speed: 3.172x
[2026-10-08 19:43:04.478] [glim] [info] playback speed: 3.177x
[2026-10-08 19:43:09.478] [glim] [info] playback speed: 3.313x
[2026-10-08 19:43:14.495] [glim] [info] playback speed: 2.638x
[2026-10-08 19:43:19.499] [glim] [info] playback speed: 3.277x
[2026-10-08 19:43:24.502] [glim] [info] playback speed: 3.239x
[2026-10-08 19:43:27.562] [glim] [info] waiting for odometry estimation
[2026-10-08 19:43:27.583] [glim] [info] waiting for local mapping
[2026-10-08 19:43:27.650] [glim] [info] waiting for global mapping
[2026-10-08 19:43:27.761] [global] [info] saving to /dumps/run_03...
[2026-10-08 19:43:27.765] [global] [info] serializing factor graph to /dumps/run_03/graph.bin
[2026-10-08 19:43:34.182] [global] [info] saving config
[2026-10-08 19:43:34.222] [global] [info] saved
