[2026-10-08 19:43:39.233] [glim] [info] config_path: /glim/config
[2026-10-08 19:43:39.244] [glim] [info] load libodometry_estimation_gpu.so
[2026-10-08 19:43:39.742] [glim] [info] load libsub_mapping.so
[2026-10-08 19:43:39.749] [glim] [info] load libglobal_mapping.so
[2026-10-08 19:43:39.756] [glim] [info] load libmemory_monitor.so
[2026-10-08 19:43:39.766] [glim] [info] topics:
[2026-10-08 19:43:39.766] [glim] [info] - /livox/mid360/imu
[2026-10-08 19:43:39.766] [glim] [info] - /livox/mid360/lidar
[2026-10-08 19:43:39.766] [glim] [info] - /image
[2026-10-08 19:43:39.766] [glim] [info] bag_filenames:
[2026-10-08 19:43:39.766] [glim] [info] - /data/bag
[2026-10-08 19:43:39.766] [glim] [warning] param glim_ros/playback_speed not found
[2026-10-08 19:43:39.766] [glim] [warning] use default_value=100
[2026-10-08 19:43:39.766] [glim] [info] opening /data/bag
[2026-10-08 19:43:39.776] [glim] [info] detected storage_id=sqlite3 from metadata.yaml
[INFO] [1791488620.281131407] [rosbag2_storage]: Opened database '/data/bag/glim_ros2.db3' for READ_ONLY.
[2026-10-08 19:43:40.621] [odom] [info] initial IMU state estimation result
[2026-10-08 19:43:40.621] [odom] [info] T_world_imu=se3(0.211729,0.034725,-0.042235,-0.012339,0.242873,-0.000811,0.969979)
[2026-10-08 19:43:40.621] [odom] [info] v_world_imu=vec(0.557445,0.013684,-0.035965)
[2026-10-08 19:43:40.621] [odom] [info] imu_bias=vec(0.000000,0.000000,-0.000000,0.005353,-0.007249,-0.008207)
[2026-10-08 19:43:49.945] [glim] [info] playback speed: 0.428x
[2026-10-08 19:43:54.948] [glim] [info] playback speed: 1.519x
[2026-10-08 19:43:59.962] [glim] [info] playback speed: 3.769x
[2026-10-08 19:44:04.964] [glim] [info] playback speed: 3.218x
[2026-10-08 19:44:09.983] [glim] [info] playback speed: 3.208x
[2026-10-08 19:44:15.000] [glim] [info] playback speed: 2.651x
[2026-10-08 19:44:20.002] [glim] [info] playback speed: 3.270x
[2026-10-08 19:44:25.008] [glim] [info] playback speed: 3.244x
[2026-10-08 19:44:30.017] [glim] [info] playback speed: 3.214x
[2026-10-08 19:44:35.021] [glim] [info] playback speed: 3.237x
[2026-10-08 19:44:38.506] [glim] [info] waiting for odometry estimation
[2026-10-08 19:44:38.543] [glim] [info] waiting for local mapping
[2026-10-08 19:44:38.608] [glim] [info] waiting for global mapping
[2026-10-08 19:44:38.665] [global] [info] saving to /dumps/run_04...
[2026-10-08 19:44:38.667] [global] [info] serializing factor graph to /dumps/run_04/graph.bin
[2026-10-08 19:44:45.912] [global] [info] saving config
[2026-10-08 19:44:45.947] [global] [info] saved
