[2026-10-08 19:11:22.063] [glim] [info] config_path: /glim/config
[2026-10-08 19:11:22.073] [glim] [info] load libodometry_estimation_gpu.so
[2026-10-08 19:11:23.147] [glim] [info] load libsub_mapping.so
[2026-10-08 19:11:23.152] [glim] [info] load libglobal_mapping.so
[2026-10-08 19:11:23.158] [glim] [info] load libmemory_monitor.so
[2026-10-08 19:11:23.168] [glim] [info] topics:
[2026-10-08 19:11:23.168] [glim] [info] - /livox/mid360/imu
[2026-10-08 19:11:23.168] [glim] [info] - /livox/mid360/lidar
[2026-10-08 19:11:23.168] [glim] [info] - /image
[2026-10-08 19:11:23.168] [glim] [info] bag_filenames:
[2026-10-08 19:11:23.168] [glim] [info] - /data/bag
[2026-10-08 19:11:23.168] [glim] [warning] param glim_ros/playback_speed not found
[2026-10-08 19:11:23.168] [glim] [warning] use default_value=100
[2026-10-08 19:11:23.168] [glim] [info] opening /data/bag
[2026-10-08 19:11:23.175] [glim] [info] detected storage_id=sqlite3 from metadata.yaml
[INFO] [1791486683.635854145] [rosbag2_storage]: Opened database '/data/bag/glim_ros2.db3' for READ_ONLY.
[2026-10-08 19:11:23.963] [odom] [info] initial IMU state estimation result
[2026-10-08 19:11:23.963] [odom] [info] T_world_imu=se3(0.213113,0.034432,-0.042399,-0.012534,0.243052,-0.000884,0.969932)
[2026-10-08 19:11:23.963] [odom] [info] v_world_imu=vec(0.561423,0.015338,-0.036279)
[2026-10-08 19:11:23.963] [odom] [info] imu_bias=vec(0.000000,0.000000,-0.000000,0.005515,-0.007164,-0.008028)
[2026-10-08 19:11:33.469] [glim] [info] playback speed: 0.387x
[2026-10-08 19:11:38.470] [glim] [info] playback speed: 2.055x
[2026-10-08 19:11:43.476] [glim] [info] playback speed: 3.781x
[2026-10-08 19:11:48.482] [glim] [info] playback speed: 3.356x
[2026-10-08 19:11:53.482] [glim] [info] playback speed: 2.700x
[2026-10-08 19:11:58.491] [glim] [info] playback speed: 3.454x
[2026-10-08 19:12:03.491] [glim] [info] playback speed: 3.145x
[2026-10-08 19:12:08.501] [glim] [info] playback speed: 3.149x
[2026-10-08 19:12:13.507] [glim] [info] playback speed: 3.256x
[2026-10-08 19:12:18.524] [glim] [info] playback speed: 3.308x
[2026-10-08 19:12:20.247] [glim] [info] waiting for odometry estimation
[2026-10-08 19:12:20.253] [glim] [info] waiting for local mapping
[2026-10-08 19:12:20.309] [glim] [info] waiting for global mapping
[2026-10-08 19:12:20.434] [global] [info] saving to /dumps/run_00...
[2026-10-08 19:12:20.438] [global] [info] serializing factor graph to /dumps/run_00/graph.bin
[2026-10-08 19:12:27.156] [global] [info] saving config
[2026-10-08 19:12:27.188] [global] [info] saved
